--------------------------------------------------------------------------------
      name:  <unnamed>
       log:  /Users/samharper/git/arph-2020/code/usa-decomp-sex-race.log
  log type:  text
 opened on:   8 Apr 2020, 10:23:01

. 
. //  program: usa-decomp-sex-race.do
. //  task:    decompose life expectancy by sex and race over time        
. //  input:   allcause mortality
. //  output:  none
. //  project: life expectancy    
. //  author:  sam harper \ 2020-04-08
. 
. 
. // #0
. // program setup
. 
. version 14

. set linesize 80

. clear all

. macro drop _all

. 
. 
. 
. // #1
. // load the mortality data, downloaded from CDC WONDER database
. tempname nhisp

. import delimited "data/asmr-sex-race-nhisp-1999-2018.txt", ///
>   encoding(ISO-8859-1)clear
(12 vars, 1,816 obs)

. 
. * drop extra rows for Notes from CDC WONDER
. drop notes

. drop if year==.
(56 observations deleted)

. 
. 
. * fix up variable names and labels
. encode gender, gen(sex)

. encode race, gen(race5)

. drop race

. rename race5 race

. label define race 1 "NH AIAN" 2 "NH API" 3 "NH Black" ///
>   4 "NH White" 5 "Hispanic", modify

. label values race race

. label var race "Race-ethnicity"

. 
. replace tenyearagegroups="01-04 years" if tenyearagegroups=="1-4 years"
(160 real changes made)

. replace tenyearagegroups="05-14 years" if tenyearagegroups=="5-14 years"
(160 real changes made)

. replace tenyearagegroups="00-01 years" if tenyearagegroups=="< 1 year"
(160 real changes made)

. encode tenyearagegroups, gen(age)

. rename (deaths population) (count pop)

. 
. drop gender-tenyearagegroupscode yearcode cruderate

. 
. save "data/`nhisp'", replace
(note: file data/__000000.dta not found)
file data/__000000.dta saved

. 
. * Now for Hispanics
. tempname hisp

. import delimited "data/asmr-sex-race-hisp-1999-2018.txt", ///
>   encoding(ISO-8859-1)clear
(10 vars, 496 obs)

. 
. * drop extra rows for Notes from CDC WONDER
. drop notes

. drop if year==.
(56 observations deleted)

. 
. * fix up variable names and labels
. encode gender, gen(sex)

. gen race=5

. label define race 1 "NH AIAN" 2 "NH API" 3 "NH Black" ///
>   4 "NH White" 5 "Hispanic", modify

. label values race race

. label var race "Race-ethnicity"

. 
. replace tenyearagegroups="01-04 years" if tenyearagegroups=="1-4 years"
(40 real changes made)

. replace tenyearagegroups="05-14 years" if tenyearagegroups=="5-14 years"
(40 real changes made)

. replace tenyearagegroups="00-01 years" if tenyearagegroups=="< 1 year"
(40 real changes made)

. encode tenyearagegroups, gen(age)

. rename (deaths population) (count pop)

. 
. drop gender-tenyearagegroupscode yearcode cruderate

. 
. save "data/`hisp'", replace
(note: file data/__000001.dta not found)
file data/__000001.dta saved

. 
. use "data/`nhisp'", clear

. append using "data/`hisp'"
(note: variable race was long, now double to accommodate using data's values)
(label age already defined)
(label race already defined)
(label sex already defined)

. 
. gen rate = count / pop * 100000

. label var rate "death rate"

. label var count "no. of deaths"

. label var pop "mid-year population"

. 
. * save this dataset for life expectancy calculations (#3)
. save "data/usa-decomp-2015-race", replace
file data/usa-decomp-2015-race.dta saved

. 
. * erase temporary datasets
. erase "data/`nhisp'.dta"

. erase "data/`hisp'.dta"

. 
. 
. 
. // #2
. // set up for life table calculation
. 
. * have a look at the rates by year
. table age year race, c(mean rate) by(sex) format(%7.1f)
note: table too wide, race moved to by()

-----------------------------------------------------------------------------
Gender,     |
Race-ethnic |
ity and     |
Ten-Year    |                              Year                              
Age Groups  |    1999    2000    2001    2002    2003    2004    2005    2006
------------+----------------------------------------------------------------
Female      |
NH AIAN     |
00-01 years |   861.6   632.8   703.4   702.4   645.1   665.2   683.1   626.7
01-04 years |    44.1    50.2    63.3    48.5    46.8    56.9    42.2    48.2
05-14 years |    20.3    21.9    23.1    26.5    21.8    24.4    21.5    19.8
15-24 years |    73.1    72.8    74.3    76.8    73.8    82.2    85.1    82.0
25-34 years |   128.0   109.2   104.0   115.1   115.5   139.3   122.3   127.6
35-44 years |   197.9   205.9   211.1   217.0   240.3   236.6   238.6   250.2
45-54 years |   342.4   327.8   391.7   378.0   425.6   393.3   423.7   398.1
55-64 years |   930.7   857.9   866.3   867.1   906.9   816.7   798.6   789.5
65-74 years |  2234.8  2139.4  2094.6  2139.1  2020.2  2028.3  2082.5  1937.8
75-84 years |  4617.1  4263.2  4509.7  4410.7  4676.2  4385.0  4519.9  4698.6
  85+ years | 11362.2  9964.4 10317.2 10519.1 11136.2 10637.1 11254.9 10836.8
------------+----------------------------------------------------------------
Female      |
NH API      |
00-01 years |   432.7   434.9   365.1   388.6   390.8   371.5   387.9   364.2
01-04 years |    21.9    20.3    22.0    18.9    19.5    21.1    17.1    20.7
05-14 years |    12.6    11.8    11.1    10.5    11.6     9.6    12.0    10.2
15-24 years |    26.1    22.6    25.9    22.5    27.1    22.3    23.9    22.9
25-34 years |    29.9    27.5    32.4    26.9    29.4    26.2    26.7    27.4
35-44 years |    59.9    65.9    62.3    55.4    58.4    53.7    58.3    57.4
45-54 years |   165.5   155.1   157.1   149.7   149.5   145.6   140.0   142.1
55-64 years |   408.9   392.2   377.7   373.5   353.0   332.4   341.9   321.8
65-74 years |  1072.9   992.4  1057.6  1027.1   987.1   927.7   894.6   889.3
75-84 years |  2930.6  2885.1  2836.3  2748.3  2750.3  2625.2  2613.4  2624.0
  85+ years |  9172.7  9083.0  8950.7  8961.0  9013.9  8925.7  8823.3  8694.4
------------+----------------------------------------------------------------
Female      |
NH Black    |
00-01 years |  1365.4  1327.7  1221.6  1300.1  1253.5  1263.3  1282.3  1295.2
01-04 years |    47.4    47.1    43.8    41.8    42.2    43.6    39.7    43.2
05-14 years |    21.8    20.7    19.2    20.5    19.4    21.5    19.7    17.6
15-24 years |    60.5    60.1    56.7    56.0    55.7    55.0    52.2    52.2
25-34 years |   122.1   126.5   122.9   122.3   119.4   118.6   115.8   113.4
35-44 years |   286.4   278.8   285.3   280.7   277.4   263.3   257.6   253.0
45-54 years |   581.7   601.2   589.7   592.2   593.1   572.7   577.2   556.2
55-64 years |  1285.1  1249.4  1244.3  1202.1  1191.6  1132.6  1107.0  1077.3
65-74 years |  2789.2  2728.0  2632.9  2559.6  2496.5  2391.1  2343.2  2238.8
75-84 years |  5792.0  5758.6  5654.8  5641.5  5460.0  5379.9  5353.8  5121.7
  85+ years | 13887.7 14054.9 14378.7 14697.5 14729.5 14234.0 14352.9 13703.6
------------+----------------------------------------------------------------
Female      |
NH White    |
00-01 years |   524.6   530.9   513.1   523.9   513.2   514.5   522.3   526.7
01-04 years |    26.7    24.4    26.6    24.1    25.3    24.8    22.7    23.8
05-14 years |    14.7    13.9    13.9    13.6    12.9    13.1    13.0    11.8
15-24 years |    42.9    42.6    41.8    43.9    44.5    44.7    42.6    43.3
25-34 years |    57.8    56.8    61.1    60.8    61.9    61.3    63.3    64.0
35-44 years |   125.6   128.1   134.8   138.6   138.6   136.9   138.1   137.7
45-54 years |   281.0   285.0   289.4   292.8   293.3   293.4   299.4   300.8
55-64 years |   741.6   742.1   730.3   707.9   703.7   680.1   672.7   662.8
65-74 years |  1915.1  1891.0  1859.0  1837.6  1797.2  1739.2  1715.2  1660.9
75-84 years |  4817.7  4819.3  4771.9  4773.6  4710.5  4566.8  4577.1  4451.4
  85+ years | 14967.5 14971.7 14908.1 15024.6 14928.9 14286.0 14560.9 14014.9
------------+----------------------------------------------------------------
Female      |
Hispanic    |
00-01 years |   542.3   553.6   486.5   502.9   520.4   510.3   526.3   512.0
01-04 years |    28.7    27.5    26.9    24.8    26.0    24.1    24.3    24.0
05-14 years |    13.3    13.4    12.6    13.3    12.7    11.9    11.8    11.6
15-24 years |    32.9    31.7    33.0    33.0    34.2    30.4    34.5    33.0
25-34 years |    44.9    43.4    45.3    41.0    42.9    40.6    40.5    42.6
35-44 years |    97.4   100.5    97.1    96.6    94.5    87.1    89.1    85.7
45-54 years |   224.9   223.8   226.7   221.9   218.2   206.4   213.7   212.5
55-64 years |   555.8   548.4   548.1   527.3   525.6   507.5   489.0   481.0
65-74 years |  1448.8  1423.2  1413.1  1369.2  1338.4  1292.5  1285.1  1216.0
75-84 years |  3675.7  3624.5  3603.6  3576.0  3570.6  3411.2  3464.7  3329.0
  85+ years | 11547.3 11202.8 11424.6 11161.4 11222.9 10643.7 10769.7 10682.9
------------+----------------------------------------------------------------
Male        |
NH AIAN     |
00-01 years |   886.9   873.4   959.2   869.2   870.2  1047.9   848.0  1022.4
01-04 years |    58.2    60.0    61.2    58.4    68.4    55.6    68.8    56.0
05-14 years |    22.4    23.8    30.4    28.5    33.9    28.4    25.6    20.7
15-24 years |   192.1   173.6   178.8   184.9   197.5   173.3   181.7   193.9
25-34 years |   238.7   232.9   241.3   272.8   261.3   270.6   299.6   285.5
35-44 years |   360.1   362.9   388.2   408.8   436.6   413.9   432.5   435.8
45-54 years |   631.6   604.3   634.9   647.9   689.3   646.6   698.2   705.7
55-64 years |  1239.1  1227.4  1236.2  1223.9  1218.8  1240.6  1300.5  1171.2
65-74 years |  3053.2  2773.9  2804.9  2797.1  2644.4  2603.1  2617.9  2479.1
75-84 years |  6726.8  5890.4  5760.2  5944.6  5962.9  6015.9  5648.6  5578.7
  85+ years | 12625.5 12004.9 12270.4 12933.0 14242.6 12626.4 14001.9 12874.0
------------+----------------------------------------------------------------
Male        |
NH API      |
00-01 years |   455.7   530.3   415.0   448.9   443.0   410.6   441.2   468.0
01-04 years |    30.2    24.2    23.3    26.7    24.7    19.5    19.7    18.1
05-14 years |    13.8    12.8    13.8    14.8    14.4    14.7    14.1    11.2
15-24 years |    52.6    55.3    58.0    54.6    53.4    49.2    51.7    55.7
25-34 years |    57.6    55.1    61.0    53.4    53.9    51.2    55.0    53.8
35-44 years |   108.5   105.2   108.4   103.3    98.1    93.5    96.7    92.3
45-54 years |   239.9   249.2   251.6   246.8   242.7   242.3   242.5   232.5
55-64 years |   662.2   641.2   621.7   588.4   561.8   540.9   539.9   545.6
65-74 years |  1686.0  1656.3  1556.8  1482.3  1468.1  1353.9  1385.4  1311.9
75-84 years |  4446.6  4329.1  4226.9  4181.8  4135.3  3857.0  3871.4  3722.0
  85+ years | 12753.8 12192.7 11756.6 11897.2 11539.5 11411.1 11425.4 11215.0
------------+----------------------------------------------------------------
Male        |
NH Black    |
00-01 years |  1650.8  1623.2  1520.3  1516.2  1566.9  1562.8  1576.8  1562.6
01-04 years |    61.5    56.1    55.3    57.1    57.1    52.2    50.7    51.6
05-14 years |    33.1    29.1    28.5    29.6    27.6    26.6    27.4    25.4
15-24 years |   191.4   187.2   186.1   177.6   177.4   169.9   178.1   177.0
25-34 years |   267.9   270.2   270.8   279.5   275.8   272.8   277.6   280.7
35-44 years |   479.5   462.7   455.7   446.2   439.6   408.9   407.0   403.4
45-54 years |  1048.1  1036.2  1006.3   992.6   997.6   953.8   945.1   914.6
55-64 years |  2176.7  2111.4  2054.5  2042.3  1997.4  1930.9  1915.9  1847.1
65-74 years |  4397.8  4303.9  4157.7  4002.6  3931.3  3751.7  3669.9  3575.2
75-84 years |  8615.3  8551.0  8409.1  8263.2  8171.7  7817.7  7771.6  7500.3
  85+ years | 17385.3 16944.8 17347.0 17717.7 17391.7 17418.9 16993.5 16363.7
------------+----------------------------------------------------------------
Male        |
NH White    |
00-01 years |   658.1   658.7   632.8   667.2   657.2   640.5   656.4   647.8
01-04 years |    33.4    32.4    34.0    30.6    30.6    29.5    30.6    27.4
05-14 years |    19.9    20.0    18.6    18.3    18.2    18.0    17.5    16.2
15-24 years |   100.8   103.5   105.1   107.3   107.2   106.3   107.6   109.6
25-34 years |   124.5   123.0   131.9   132.0   132.1   133.6   137.7   145.0
35-44 years |   230.0   233.9   241.3   245.4   245.3   237.5   238.4   235.3
45-54 years |   483.7   497.7   499.8   510.9   513.7   511.7   518.8   516.8
55-64 years |  1187.4  1170.9  1146.3  1120.3  1106.5  1068.8  1070.8  1054.0
65-74 years |  3023.2  2930.5  2853.6  2797.3  2702.8  2575.6  2536.0  2435.4
75-84 years |  7088.0  6977.8  6818.2  6753.1  6627.1  6387.5  6329.5  6154.5
  85+ years | 17871.2 17853.2 17550.2 17800.1 17356.7 16711.2 16840.7 16206.8
------------+----------------------------------------------------------------
Male        |
Hispanic    |
00-01 years |   623.4   637.1   585.3   606.2   629.6   611.5   637.6   613.6
01-04 years |    32.9    31.5    33.4    33.5    33.4    30.0    33.0    28.9
05-14 years |    17.8    17.9    16.6    17.3    18.3    16.6    15.1    16.0
15-24 years |   104.1   107.7   108.5   109.8   108.9   109.6   112.3   111.8
25-34 years |   120.6   120.2   120.3   119.4   123.4   115.4   123.0   121.7
35-44 years |   215.1   211.0   209.9   199.6   194.3   190.2   188.8   184.6
45-54 years |   444.4   439.0   443.9   431.5   440.0   421.3   421.7   409.6
55-64 years |   974.8   965.7   930.2   948.0   924.4   877.7   880.2   849.4
65-74 years |  2368.9  2287.9  2253.8  2217.5  2128.4  2012.3  2052.2  1936.1
75-84 years |  5379.2  5395.3  5291.3  5176.7  5097.9  4983.1  5096.5  4739.5
  85+ years | 13485.9 13086.2 13133.4 13142.1 12782.3 11996.6 12746.1 12135.6
-----------------------------------------------------------------------------

-----------------------------------------------------------------------------
Gender,     |
Race-ethnic |
ity and     |
Ten-Year    |                              Year                              
Age Groups  |    2007    2008    2009    2010    2011    2012    2013    2014
------------+----------------------------------------------------------------
Female      |
NH AIAN     |
00-01 years |   758.9   715.2   716.9   578.8   659.5   687.3   515.2   683.7
01-04 years |    45.2    48.0    36.3    38.5    46.2    36.9    41.3    30.2
05-14 years |    14.2    20.5    25.3    17.4    21.3    15.5    16.1    17.1
15-24 years |    77.0    72.9    87.3    70.7    74.0    76.0    69.7    74.9
25-34 years |   122.4   135.5   135.2   146.4   146.9   162.9   152.6   148.4
35-44 years |   241.4   271.6   264.4   236.7   266.5   262.1   282.4   294.8
45-54 years |   401.0   394.1   475.2   453.3   470.9   467.2   489.3   520.3
55-64 years |   806.4   771.9   762.4   800.3   788.7   757.0   800.2   797.3
65-74 years |  1912.2  1857.5  1818.0  1841.7  1729.3  1738.8  1649.1  1709.3
75-84 years |  4395.9  4238.9  4069.3  4220.8  4146.0  4054.6  4011.8  4041.5
  85+ years | 10685.0 10786.8 10293.0 11230.3 10575.5  9776.8  9917.1  9770.8
------------+----------------------------------------------------------------
Female      |
NH API      |
00-01 years |   389.8   370.1   372.5   343.4   346.2   362.3   340.5   348.7
01-04 years |    17.0    19.6    13.7    16.0    12.8    15.1    18.8    13.0
05-14 years |     9.1     8.3    10.1     8.3     7.8     7.6     8.9     6.7
15-24 years |    21.0    19.2    21.6    17.3    16.0    18.7    18.2    17.9
25-34 years |    25.8    30.8    26.2    27.7    25.3    24.9    25.8    25.3
35-44 years |    54.7    48.7    51.1    48.6    53.4    51.5    52.2    49.9
45-54 years |   132.0   130.1   122.3   128.4   132.1   132.1   129.0   123.7
55-64 years |   315.9   312.0   295.9   299.4   306.1   302.1   290.0   285.0
65-74 years |   815.0   838.9   777.8   788.9   723.9   735.2   702.7   702.3
75-84 years |  2578.6  2538.1  2480.5  2455.2  2464.4  2339.4  2358.4  2250.3
  85+ years |  8590.5  8901.0  8730.9  8647.6  8316.6  8541.4  8278.8  7993.2
------------+----------------------------------------------------------------
Female      |
NH Black    |
00-01 years |  1247.0  1178.5  1135.1  1055.7  1028.8  1000.0  1039.0  1013.7
01-04 years |    42.7    38.8    39.7    34.8    35.8    35.2    35.4    34.0
05-14 years |    17.4    16.7    17.5    15.5    15.4    14.8    15.7    15.1
15-24 years |    49.7    51.1    48.9    45.6    45.9    46.1    43.5    44.2
25-34 years |   108.6   103.3   103.8    99.1   101.7    95.2    97.0    94.1
35-44 years |   236.2   227.7   217.4   209.1   208.4   203.2   198.6   205.2
45-54 years |   545.2   531.2   517.7   497.4   485.2   478.6   472.6   473.9
55-64 years |  1045.0  1025.5  1009.0   996.9   979.2   975.0   990.8  1000.8
65-74 years |  2206.7  2146.7  2086.7  2068.1  2018.0  1963.1  1958.7  1922.9
75-84 years |  5002.8  4925.5  4775.8  4675.5  4637.5  4489.1  4524.5  4441.4
  85+ years | 13508.7 13344.2 12544.8 12767.7 12591.4 12334.1 12132.2 11834.9
------------+----------------------------------------------------------------
Female      |
NH White    |
00-01 years |   525.3   516.0   494.2   480.4   468.6   469.2   448.5   451.0
01-04 years |    23.5    23.5    21.6    21.8    21.1    21.7    20.4    20.2
05-14 years |    12.4    11.1    10.5    10.9    10.6    10.1    10.6     9.8
15-24 years |    43.2    39.6    38.6    38.4    38.4    37.8    38.0    37.5
25-34 years |    65.0    63.8    67.5    66.8    69.6    70.7    70.2    73.2
35-44 years |   135.8   136.1   137.7   133.1   136.6   136.0   138.6   143.8
45-54 years |   301.6   308.0   313.5   307.7   317.8   315.2   320.5   325.5
55-64 years |   645.5   646.2   638.5   631.5   635.2   635.9   640.5   653.5
65-74 years |  1616.4  1609.8  1548.1  1535.9  1522.8  1480.2  1483.9  1462.9
75-84 years |  4375.2  4416.1  4252.4  4232.6  4227.0  4178.1  4142.2  4078.9
  85+ years | 13761.8 13984.1 13264.8 13543.5 13544.3 13437.0 13502.5 13290.4
------------+----------------------------------------------------------------
Female      |
Hispanic    |
00-01 years |   522.8   499.2   480.1   462.9   430.2   428.9   433.7   432.1
01-04 years |    24.1    22.8    23.4    20.2    21.3    20.0    18.4    17.2
05-14 years |    11.9    11.0    11.8     8.9     9.5    10.0     9.9     9.7
15-24 years |    30.8    28.4    29.1    26.3    25.6    25.5    25.6    27.2
25-34 years |    42.0    40.2    42.5    38.9    39.2    40.0    41.4    41.3
35-44 years |    80.7    79.3    81.0    75.2    74.1    73.6    78.3    78.5
45-54 years |   199.9   195.4   200.0   193.9   185.7   192.0   189.6   185.3
55-64 years |   468.8   467.0   456.8   450.1   435.9   442.8   437.2   443.3
65-74 years |  1149.2  1137.4  1106.7  1085.5  1077.4  1046.7  1039.9  1036.7
75-84 years |  3299.5  3244.7  3160.1  3067.4  3085.1  3063.5  3037.8  2931.3
  85+ years | 10276.7 10636.2  9794.3 10237.3  9727.2  9805.6  9651.3  9250.2
------------+----------------------------------------------------------------
Male        |
NH AIAN     |
00-01 years |   911.6   908.0   884.7   860.7   813.1   879.4   843.0   860.8
01-04 years |    61.6    50.7    47.5    61.4    46.6    62.9    70.8    69.9
05-14 years |    26.1    22.3    26.0    30.5    23.2    28.4    20.4    20.0
15-24 years |   182.0   187.7   190.9   188.8   172.8   171.9   158.5   168.9
25-34 years |   289.9   295.5   274.7   282.3   290.0   318.5   307.8   322.6
35-44 years |   431.7   417.8   459.5   440.4   430.3   437.5   434.7   474.1
45-54 years |   674.0   736.5   681.7   714.3   737.0   749.4   766.8   785.2
55-64 years |  1196.1  1205.7  1198.8  1236.0  1167.7  1237.1  1250.2  1348.2
65-74 years |  2489.0  2566.9  2391.8  2436.0  2381.8  2424.8  2320.3  2303.2
75-84 years |  5746.6  5731.0  5312.0  5416.0  5278.0  5219.8  5232.5  5100.2
  85+ years | 13506.6 12112.6 11576.5 13034.7 12134.9 10886.7 11437.7 10821.8
------------+----------------------------------------------------------------
Male        |
NH API      |
00-01 years |   480.7   450.7   408.2   435.9   414.6   430.9   420.4   401.4
01-04 years |    24.1    17.9    19.6    20.8    16.0    16.8    19.3    14.9
05-14 years |    11.7    12.2    10.9     8.8     9.9     9.5    11.3    10.2
15-24 years |    52.7    41.4    41.3    42.2    43.4    42.3    42.9    45.1
25-34 years |    48.0    50.8    49.4    53.1    54.8    56.0    55.2    54.9
35-44 years |    93.7    89.7    93.6    84.6    85.5    94.3    89.9    84.4
45-54 years |   229.2   219.5   225.4   214.5   219.4   219.3   223.3   215.0
55-64 years |   517.2   517.8   511.2   516.2   504.3   507.3   519.5   521.9
65-74 years |  1277.7  1272.7  1222.7  1223.6  1166.9  1109.1  1125.0  1110.6
75-84 years |  3657.2  3601.3  3470.4  3439.0  3317.9  3227.4  3256.5  3047.8
  85+ years | 10633.5 10556.0 10515.5 10880.8 10227.6 10155.5 10183.0  9309.8
------------+----------------------------------------------------------------
Male        |
NH Black    |
00-01 years |  1508.9  1430.2  1450.4  1281.5  1228.9  1218.2  1192.3  1185.7
01-04 years |    51.1    50.8    45.1    45.4    45.7    45.0    43.3    45.1
05-14 years |    25.2    23.8    23.4    20.7    21.9    22.5    20.8    22.3
15-24 years |   172.7   164.2   149.7   150.8   148.6   146.5   143.7   142.7
25-34 years |   265.7   249.7   239.5   230.8   226.7   226.6   233.0   225.7
35-44 years |   390.0   357.1   352.1   321.1   321.1   322.4   330.2   325.5
45-54 years |   867.1   813.0   783.9   739.1   730.1   720.0   705.6   694.6
55-64 years |  1815.6  1763.9  1744.6  1705.0  1667.7  1657.2  1672.2  1650.4
65-74 years |  3497.3  3415.7  3320.6  3274.7  3203.3  3146.5  3137.2  3110.5
75-84 years |  7260.4  7204.8  6845.2  6849.1  6498.5  6550.1  6501.4  6287.9
  85+ years | 16163.7 15638.4 14823.8 14974.2 14516.7 14006.7 13959.7 13532.9
------------+----------------------------------------------------------------
Male        |
NH White    |
00-01 years |   647.5   627.9   604.4   575.9   572.6   558.2   571.5   549.9
01-04 years |    29.1    30.3    28.3    27.5    27.0    27.9    26.9    24.9
05-14 years |    16.1    15.1    14.2    14.3    14.8    13.3    14.4    14.2
15-24 years |   106.8   103.2    94.4    93.4    94.8    92.0    89.6    90.6
25-34 years |   145.0   145.1   142.1   143.6   147.9   149.0   149.9   155.8
35-44 years |   230.7   227.9   227.9   219.1   223.8   221.7   223.1   227.4
45-54 years |   510.5   518.2   515.4   508.1   512.3   508.0   511.5   511.2
55-64 years |  1046.7  1056.2  1045.1  1046.2  1050.0  1058.0  1069.0  1085.3
65-74 years |  2372.1  2350.7  2269.9  2256.9  2227.4  2175.8  2174.3  2170.0
75-84 years |  6008.4  6009.9  5810.0  5770.3  5727.3  5599.2  5582.7  5499.0
  85+ years | 15946.0 16114.4 15552.9 15816.6 15568.2 15504.4 15485.9 15286.4
------------+----------------------------------------------------------------
Male        |
Hispanic    |
00-01 years |   616.5   605.0   569.5   556.8   487.6   509.1   501.1   508.3
01-04 years |    28.4    29.0    25.9    25.0    25.5    23.5    23.1    20.1
05-14 years |    15.3    12.3    14.1    11.4    12.5    12.3    11.7    12.5
15-24 years |   104.2    91.9    87.6    79.4    78.5    76.4    72.9    75.4
25-34 years |   117.4   112.3   107.1   100.9    98.5   100.0    99.9   103.6
35-44 years |   173.7   165.5   158.5   146.2   142.4   142.7   143.3   149.4
45-54 years |   404.3   377.2   376.9   351.9   357.3   342.7   348.0   341.0
55-64 years |   836.0   837.0   818.9   815.1   791.0   816.3   797.4   787.7
65-74 years |  1884.2  1854.9  1789.2  1775.0  1722.4  1679.1  1710.4  1655.1
75-84 years |  4612.2  4563.6  4396.7  4461.9  4303.5  4250.9  4218.1  4103.3
  85+ years | 11719.4 11453.4 11225.7 11779.8 10707.8 10799.6 10596.0 10318.0
-----------------------------------------------------------------------------

---------------------------------------------
Gender,     |
Race-ethnic |
ity and     |
Ten-Year    |              Year              
Age Groups  |    2015    2016    2017    2018
------------+--------------------------------
Female      |
NH AIAN     |
00-01 years |   691.8   655.8   690.6   607.3
01-04 years |    47.0    55.9    50.0    28.6
05-14 years |    23.6    21.2    23.2    27.7
15-24 years |    75.5    87.7    81.0    66.2
25-34 years |   171.7   187.4   203.1   189.2
35-44 years |   282.2   304.4   321.5   301.5
45-54 years |   531.0   531.1   535.0   514.2
55-64 years |   824.5   814.8   860.6   842.9
65-74 years |  1708.0  1617.3  1603.2  1618.2
75-84 years |  4019.2  3983.7  3935.7  3677.8
  85+ years |  9527.2  8870.1  8879.2  8332.4
------------+--------------------------------
Female      |
NH API      |
00-01 years |   364.9   359.2   396.7   373.0
01-04 years |    15.4    17.5    11.3    13.6
05-14 years |     7.6     8.6     7.9     9.8
15-24 years |    19.1    21.4    22.2    20.0
25-34 years |    26.3    26.6    27.4    27.4
35-44 years |    51.6    53.8    50.6    51.4
45-54 years |   128.1   127.1   130.0   121.6
55-64 years |   290.3   306.5   291.9   294.8
65-74 years |   703.6   699.6   691.2   689.1
75-84 years |  2274.6  2206.6  2203.0  2193.7
  85+ years |  8187.2  8113.1  8166.7  8008.0
------------+--------------------------------
Female      |
NH Black    |
00-01 years |  1027.3  1042.8  1001.3   958.6
01-04 years |    34.0    36.6    37.3    33.3
05-14 years |    15.9    17.5    16.8    19.0
15-24 years |    48.2    54.5    50.8    50.7
25-34 years |    98.7   106.2   107.3   110.7
35-44 years |   203.3   210.1   212.4   217.2
45-54 years |   466.5   476.5   458.4   456.4
55-64 years |   997.9  1011.3  1012.7  1005.7
65-74 years |  1910.9  1934.3  1920.5  1936.9
75-84 years |  4414.5  4404.8  4369.8  4286.2
  85+ years | 11954.7 11685.1 11646.4 11578.5
------------+--------------------------------
Female      |
NH White    |
00-01 years |   445.7   438.7   409.5   415.9
01-04 years |    20.1    21.4    18.6    18.9
05-14 years |    11.2    10.9    10.9    10.5
15-24 years |    40.1    41.4    42.5    40.9
25-34 years |    78.8    86.5    90.2    87.6
35-44 years |   145.7   152.9   154.9   151.7
45-54 years |   327.7   327.5   323.9   317.6
55-64 years |   661.0   670.2   677.9   674.1
65-74 years |  1472.8  1460.2  1465.2  1439.4
75-84 years |  4103.1  3992.4  4002.6  3915.4
  85+ years | 13682.6 13406.5 13682.1 13624.6
------------+--------------------------------
Female      |
Hispanic    |
00-01 years |   436.6   426.3   431.0   402.7
01-04 years |    17.5    17.6    17.2    16.6
05-14 years |     8.6    10.3     9.5     9.9
15-24 years |    28.5    30.4    31.0    29.4
25-34 years |    44.8    49.4    49.3    50.2
35-44 years |    77.7    82.6    81.9    83.2
45-54 years |   184.0   187.2   183.2   182.1
55-64 years |   434.6   441.5   436.4   435.1
65-74 years |  1048.7  1018.2  1032.1  1027.2
75-84 years |  2937.3  2932.3  2877.0  2845.4
  85+ years |  9266.4  9106.8  9136.3  9116.8
------------+--------------------------------
Male        |
NH AIAN     |
00-01 years |   771.9   890.4   755.9   800.5
01-04 years |    55.2    46.8    40.8    55.3
05-14 years |    24.5    23.6    26.5    24.1
15-24 years |   161.9   183.2   181.5   183.1
25-34 years |   339.4   362.2   376.6   387.6
35-44 years |   504.3   514.4   538.5   556.4
45-54 years |   857.1   831.3   848.7   863.8
55-64 years |  1371.7  1398.5  1370.5  1426.3
65-74 years |  2334.6  2384.9  2322.1  2376.9
75-84 years |  5211.3  4984.4  5051.9  4760.5
  85+ years | 10272.4 10474.1  9649.9  9031.5
------------+--------------------------------
Male        |
NH API      |
00-01 years |   444.1   456.0   464.0   449.4
01-04 years |    15.3    16.6    19.6    19.1
05-14 years |    10.5     9.9     9.4    10.9
15-24 years |    48.2    52.7    49.6    45.8
25-34 years |    56.5    58.5    60.0    59.6
35-44 years |    85.2    99.4    92.4    93.8
45-54 years |   205.0   212.0   219.3   219.9
55-64 years |   506.4   523.2   506.3   533.0
65-74 years |  1132.5  1134.8  1150.4  1145.4
75-84 years |  3096.7  3034.5  3076.9  3049.8
  85+ years |  9459.6  9112.6  9252.7  9062.0
------------+--------------------------------
Male        |
NH Black    |
00-01 years |  1215.0  1203.6  1215.4  1184.8
01-04 years |    48.9    46.2    42.9    46.2
05-14 years |    22.4    22.4    24.9    23.4
15-24 years |   159.2   173.6   170.0   163.1
25-34 years |   243.1   263.1   267.5   260.5
35-44 years |   344.6   372.2   383.6   388.9
45-54 years |   703.6   715.6   724.6   735.8
55-64 years |  1656.8  1667.8  1676.6  1672.6
65-74 years |  3109.3  3156.2  3179.0  3213.1
75-84 years |  6345.5  6277.6  6248.3  6258.9
  85+ years | 13344.0 13320.0 13164.9 13138.2
------------+--------------------------------
Male        |
NH White    |
00-01 years |   541.1   530.9   505.2   508.8
01-04 years |    25.5    26.2    26.1    25.2
05-14 years |    14.5    14.5    14.7    14.0
15-24 years |    93.4   101.8   100.5    93.0
25-34 years |   168.1   187.5   194.9   184.0
35-44 years |   238.1   257.9   264.2   262.2
45-54 years |   510.0   513.3   510.0   503.6
55-64 years |  1093.3  1100.6  1105.5  1113.6
65-74 years |  2184.0  2175.8  2182.5  2185.3
75-84 years |  5500.5  5382.6  5378.9  5262.3
  85+ years | 15526.0 15274.6 15521.8 15348.9
------------+--------------------------------
Male        |
Hispanic    |
00-01 years |   500.4   511.5   500.3   486.1
01-04 years |    22.0    21.1    21.5    21.4
05-14 years |    12.2    12.2    12.7    11.3
15-24 years |    82.2    87.3    87.7    86.2
25-34 years |   111.8   127.7   129.0   128.7
35-44 years |   152.8   164.6   169.2   173.4
45-54 years |   340.2   342.5   349.4   347.7
55-64 years |   788.2   804.1   787.4   801.9
65-74 years |  1674.3  1668.9  1639.9  1670.5
75-84 years |  4127.1  4054.0  4086.8  4054.5
  85+ years | 10145.7 10139.3 10147.1 10124.4
---------------------------------------------

. 
. * group by sex and year for faster life table construction
. egen class=group(sex race year)

. 
. * define number of years in age interval (10-year age groups)
. gen n=1 if age==1
(2,000 missing values generated)

. replace n=4 if age==2
(200 real changes made)

. replace n=10 if age>2
(1,800 real changes made)

. replace n=1 if age==11
(200 real changes made)

. label var n "no. years in age interval"

. 
. * average person-years contributed by those dying within interval
. * assumed to be 1/2 apart from infant mortality
. gen ax=0.1 if age==1 // infants
(2,000 missing values generated)

. replace ax=0.5 if age>1 & age<=11 // all other age groups
(2,000 real changes made)

. 
. * life table variables
. foreach var in m q p l d L T e var_q v sv var_e se_e {
  2.         qui gen `var'x=.
  3.         }

. 
. * labels
. label var ax "avg time contributed by deaths"

. label var mx "death rate at age x"

. label var qx "probability of death at age x"

. label var px "probability of survival at age x"

. label var lx "number alive at age x"

. label var dx "expected deaths at age x"

. label var Lx "person-years lived in interval"

. label var Tx "time lived beyond age x"

. label var ex "life expectancy at age x"

. label var var_qx "variance of prob. of death"

. label var vx "Chiang formula for variance"

. label var svx "sum of Chiang formula"

. label var var_ex "variance of life expectancy"

. label var se_ex "standard error of life expectancy"

. 
. 
. 
. // #4
. // calculate life table values by group
. 
. sort class age

. 
. qui levelsof class, local(levels)

. foreach l of local levels {
  2. 
.         * mortality rate
.         qui replace mx=count/pop if class==`l'   
  3.         
.         * probability of death  
.         qui replace qx=n*mx/(1+n*(1-ax)*mx) if class==`l'
  4.         qui replace qx = 1 if age==11 & class==`l'
  5.         
.         * conditional prob of survival
.         qui replace px=1-qx if class==`l'
  6.         
.         * no alive at beginning of interval
.         qui replace lx = 100000 if age==1 & class==`l'
  7.         qui replace lx = lx[_n-1] * px[_n-1] if age>1 & class==`l'
  8.         
.         * Generate deaths by differencing the number of survivors and 
.         * noting that everyone dies in the end
.         qui replace dx = lx - lx[_n+1] if class==`l'
  9.         qui replace dx = lx if age==11 & class==`l'
 10.         
.         * Compute person-years lived in each age group
.         * n for those who survive the age group and nax for those who die
.         qui replace Lx = n * (lx[_n+1] + (ax*dx)) if class==`l'
 11.         qui replace Lx = lx/mx if age==11 & class==`l'
 12.         
. 
.         /* Accumulating from the bottom up is a bit tricky because Stata likes
>  
>         to sum from the top down. You could sort the data from oldest to 
>         youngest, sum, and then sort again. I will subtract the cumulative 
>         sum from the total.*/
.         qui sum Lx if class==`l'
 13.         qui replace Tx = r(sum) - sum(Lx) + Lx if class==`l'
 14.         
.         
.         * Compute life expectancy 
.         *(time lived after each age / survivors to that age)
.         qui replace ex = Tx/lx if class==`l'
 15.         
.         * variance of cond. probability of death
.         qui replace var_qx = [n^2 * mx*(1-ax*n*mx)] / [pop*(1+(1-ax)*n*mx)^3] 
> if class==`l'
 16.         qui replace var_qx = 0 in -1 if class==`l'
 17. 
. 
.         * calculate second part of Chiang formula for variance of LE [add cite
> ] 
.         qui replace vx = (lx^2)*[((1-ax)*n+ex[_n+1])^2]*var_qx if class==`l'
 18.         qui replace vx = 0 in -1 if class==`l'
 19.         
.         * sum of vx
.         qui sum vx if class==`l'
 20.         qui replace svx = r(sum) - sum(vx) + vx if class==`l'
 21.         
.         * variance and se of life expectancy
.         qui replace var_ex = svx / lx^2 if class==`l'
 22.         qui replace se_ex = sqrt(var_ex) if class==`l'
 23.         }

. 
. 
. * specify a few formats
. format %6.3f ax ex var_ex se_ex

. format %8.6f mx qx px

. format %9.0fc pop count lx dx Lx Tx

. 
. * table of life expectancies by year
. table race year sex if age==1, c(mean ex) format(%4.2f)
note: table too wide, sex moved to by()

-----------------------------------------------------------------------------
Gender    |
and       |
Race-ethn |                               Year                               
icity     |  1999  2000  2001  2002  2003  2004  2005  2006  2007  2008  2009
----------+------------------------------------------------------------------
Female    |
  NH AIAN | 78.72 80.02 79.43 79.33 78.87 79.30 78.97 79.27 79.55 79.61 79.70
   NH API | 86.62 86.98 87.08 87.34 87.35 87.85 87.95 88.14 88.52 88.29 88.70
 NH Black | 74.91 75.01 75.25 75.31 75.54 75.97 76.10 76.59 76.96 77.30 77.79
 NH White | 79.85 79.87 79.92 79.94 80.05 80.40 80.36 80.65 80.85 80.80 81.18
 Hispanic | 83.04 83.28 83.26 83.55 83.57 84.22 84.10 84.42 84.87 84.83 85.43
----------+------------------------------------------------------------------
Male      |
  NH AIAN | 73.25 74.20 73.82 73.44 73.09 73.57 73.12 73.62 73.55 73.62 74.22
   NH API | 81.27 81.55 81.98 82.20 82.50 83.08 82.95 83.29 83.75 83.99 84.23
 NH Black | 67.79 68.11 68.45 68.63 68.78 69.34 69.41 69.79 70.25 70.85 71.36
 NH White | 74.67 74.77 74.91 74.94 75.14 75.54 75.52 75.80 76.02 76.03 76.40
 Hispanic | 77.23 77.42 77.60 77.71 77.95 78.60 78.21 78.88 79.30 79.70 80.12
-----------------------------------------------------------------------------

-----------------------------------------------------------------
Gender    |
and       |
Race-ethn |                         Year                         
icity     |  2010  2011  2012  2013  2014  2015  2016  2017  2018
----------+------------------------------------------------------
Female    |
  NH AIAN | 79.49 79.66 80.12 80.17 79.88 79.75 80.06 79.87 80.85
   NH API | 88.81 89.23 89.12 89.46 89.98 89.65 89.74 89.73 89.96
 NH Black | 78.06 78.27 78.60 78.61 78.78 78.75 78.62 78.77 78.84
 NH White | 81.20 81.17 81.30 81.28 81.33 81.11 81.18 81.09 81.26
 Hispanic | 85.44 85.84 85.83 85.96 86.34 86.31 86.39 86.43 86.51
----------+------------------------------------------------------
Male      |
  NH AIAN | 73.64 74.23 74.10 74.17 73.93 73.71 73.43 73.69 73.72
   NH API | 84.10 84.65 84.81 84.70 85.54 85.36 85.47 85.35 85.47
 NH Black | 71.82 72.19 72.34 72.38 72.65 72.37 72.07 72.00 72.02
 NH White | 76.46 76.49 76.64 76.62 76.63 76.46 76.33 76.26 76.44
 Hispanic | 80.16 80.84 80.89 81.01 81.27 81.21 81.06 81.07 81.05
-----------------------------------------------------------------

. 
. * export for joinpoint analysis
. gen year0=year-1999

. gen age3 = 1 if age==1
(2,000 missing values generated)

. replace age3 = 2 if age==5
(200 real changes made)

. replace age3 = 3 if age==9
(200 real changes made)

. sort age3 sex race year0

. export delimited age3 sex race year0 ex se_ex using ///
>   "data/le-age-sex-race.csv" if age==1 | age==5 | age==9, ///
>   nolabel replace
(note: file data/le-age-sex-race.csv not found)
file data/le-age-sex-race.csv saved

. 
. // #5
. // Decompose by age
. 
. // drop unnecessary variables and reshape the data to wide format with
. // rows for each sex year age and colums for each race group
. 
. keep lx Tx Lx mx sex race year age

. reshape wide lx Tx Lx mx, i(sex race age) j(year)
(note: j = 1999 2000 2001 2002 2003 2004 2005 2006 2007 2008 2009 2010 2011 2012
>  2013 2014 2015 2016 2017 2018)

Data                               long   ->   wide
-----------------------------------------------------------------------------
Number of obs.                     2200   ->     110
Number of variables                   8   ->      83
j variable (20 values)             year   ->   (dropped)
xij variables:
                                     lx   ->   lx1999 lx2000 ... lx2018
                                     Tx   ->   Tx1999 Tx2000 ... Tx2018
                                     Lx   ->   Lx1999 Lx2000 ... Lx2018
                                     mx   ->   mx1999 mx2000 ... mx2018
-----------------------------------------------------------------------------

. 
. /* decompose LE by age, using formulas from Arriaga (1984) 
>         Measuring and explaining the change in life expectancies. 
>         Demography 1984;21: 83-96. */
. 
. * generate direct effect
. gen de=(lx2018/100000) * ((Lx2010/lx2010) - (Lx2018/lx2018))

. label var de "direct effect"

. 
. * generate indirect effect and interaction term
. gen ie=(Tx2010[_n+1]/100000) * ///
>   ((lx2018/lx2010) - (lx2018[_n+1]/lx2010[_n+1])) if age!=11
(10 missing values generated)

. replace ie=0 if age==11
(10 real changes made)

. label var ie "indirect effect+interact"

. 
. * total effect (direct + indirect + interaction)
. * contribution in years of LE
. gen te=de+ie

. label var te "diff in life exp"

. 
. keep de ie te mx2010 mx2018 sex race age

. 
. * reshape dataset to wide format to calculate total
. reshape wide de ie te mx2010 mx2018, i(sex race) j(age)
(note: j = 1 2 3 4 5 6 7 8 9 10 11)

Data                               long   ->   wide
-----------------------------------------------------------------------------
Number of obs.                      110   ->      10
Number of variables                   8   ->      57
j variable (11 values)              age   ->   (dropped)
xij variables:
                                     de   ->   de1 de2 ... de11
                                     ie   ->   ie1 ie2 ... ie11
                                     te   ->   te1 te2 ... te11
                                 mx2010   ->   mx20101 mx20102 ... mx201011
                                 mx2018   ->   mx20181 mx20182 ... mx201811
-----------------------------------------------------------------------------

. 
. foreach var of newlist de ie te {
  2.         egen `var'12 = rsum(`var'*) // sum across age groups
  3.         }

. 
. * reshape dataset back to long
. reshape long de ie te mx2010 mx2018, i(sex race) j(age)
(note: j = 1 2 3 4 5 6 7 8 9 10 11 12)
(note: mx201012 not found)
(note: mx201812 not found)

Data                               wide   ->   long
-----------------------------------------------------------------------------
Number of obs.                       10   ->     120
Number of variables                  60   ->       8
j variable (12 values)                    ->   age
xij variables:
                       de1 de2 ... de12   ->   de
                       ie1 ie2 ... ie12   ->   ie
                       te1 te2 ... te12   ->   te
           mx20101 mx20102 ... mx201012   ->   mx2010
           mx20181 mx20182 ... mx201812   ->   mx2018
-----------------------------------------------------------------------------

. 
. * total across all age groups
. label define age 12 "Total", add

. label values age age

. 
. * proportional contribution
. sort sex race age

. bysort sex race: gen pctgap=te[_n] / te[12]

. 
. table age race, c(sum te) by(sex)

-------------------------------------------------------------------
Gender and  |
Ten-Year    |                    Race-ethnicity                    
Age Groups  |   NH AIAN     NH API   NH Black   NH White   Hispanic
------------+------------------------------------------------------
Female      |
00-01 years |  .0224641   .0261981   -.075176  -.0521693    -.05116
01-04 years | -.0303306  -.0081569  -.0043632  -.0090592  -.0118928
05-14 years |  .0717284   .0119427   .0239514  -.0026086   .0069949
15-24 years |  -.026378   .0183139   .0301344   .0157477   .0203403
25-34 years |  .2125151  -.0014896   .0559092   .1067654   .0632332
35-44 years |  .2579486    .013703   .0310406   .0770473   .0364443
45-54 years |  .1841932  -.0265899   -.119926   .0315657  -.0423025
55-64 years |  .0903827  -.0134993   .0178407   .0954346  -.0395021
65-74 years | -.2950117   -.201141  -.1598911  -.1322288  -.1008695
75-84 years | -.3660722  -.3065909   -.225455  -.2054643  -.2065531
  85+ years | -1.483993  -.6535534  -.3519617   .0224159  -.7481446
      Total | -1.362553  -1.140863  -.7778966  -.0525537  -1.073412
------------+------------------------------------------------------
Male        |
00-01 years | -.0439355   .0112382  -.0687159  -.0509963  -.0563334
01-04 years |  -.017195  -.0056731   .0021235  -.0065738  -.0111239
05-14 years | -.0406519   .0159043    .017022  -.0022943  -.0007973
15-24 years | -.0305882   .0225135   .0639497  -.0022975   .0411198
25-34 years |  .4640279   .0356831   .1259201   .1884653    .139617
35-44 years |  .3979328   .0409625   .2219789   .1591281   .1102903
45-54 years |  .3759316    .018676  -.0078066  -.0124576  -.0129056
55-64 years |  .3183773    .041995  -.0495223   .1245006  -.0286473
65-74 years | -.0570738  -.1261993  -.0511198  -.0753764  -.1399655
75-84 years | -.2916704  -.3294089  -.2015802  -.2270054  -.2690758
  85+ years |  -1.15619  -1.092746  -.2517413  -.0721911   -.662707
      Total |  -.081035  -1.367054  -.1994918   .0229014  -.8905288
-------------------------------------------------------------------

. table age race, c(sum pctgap) by(sex)

-------------------------------------------------------------------
Gender and  |
Ten-Year    |                    Race-ethnicity                    
Age Groups  |   NH AIAN     NH API   NH Black   NH White   Hispanic
------------+------------------------------------------------------
Female      |
00-01 years | -.0164867  -.0229634     .09664   .9926856   .0476611
01-04 years |  .0222601   .0071498    .005609     .17238   .0110794
05-14 years | -.0526427  -.0104681    -.03079   .0496364  -.0065165
15-24 years |  .0193592  -.0160527  -.0387383  -.2996497  -.0189492
25-34 years | -.1559683   .0013057  -.0718723   -2.03155  -.0589086
35-44 years | -.1893127  -.0120111  -.0399032  -1.466069  -.0339518
45-54 years | -.1351824   .0233069    .154167  -.6006374   .0394094
55-64 years | -.0663333   .0118325  -.0229346  -1.815945   .0368005
65-74 years |  .2165139    .176306   .2055429   2.516073   .0939709
75-84 years |  .2686664   .2687359   .2898264   3.909609   .1924267
  85+ years |  1.089126   .5728586    .452453  -.4265327   .6969781
      Total |         1          1          1          1          1
------------+------------------------------------------------------
Male        |
00-01 years |  .5421788  -.0082207   .3444547  -2.226773   .0632584
01-04 years |  .2121922   .0041499  -.0106448  -.2870493   .0124914
05-14 years |  .5016582   -.011634  -.0853269  -.1001834   .0008953
15-24 years |  .3774683  -.0164687  -.3205629  -.1003203  -.0461746
25-34 years | -5.726264  -.0261022  -.6312045   8.229407  -.1567798
35-44 years | -4.910627   -.029964  -1.112722   6.948387  -.1238481
45-54 years | -4.639125  -.0136615   .0391325   -.543967    .014492
55-64 years | -3.928885  -.0307194   .2482423   5.436362   .0321689
65-74 years |  .7043108   .0923147     .25625  -3.291339   .1571713
75-84 years |  3.599313   .2409626   1.010469  -9.912274   .3021528
  85+ years |  14.26778   .7993433   1.261913   -3.15225   .7441724
      Total |         1          1          1          1          1
-------------------------------------------------------------------

. 
. 
. * save this as a dataset for plotting in R
. export delimited using ///
>   "data/le-age-decomp.csv", nolabel replace
(note: file data/le-age-decomp.csv not found)
file data/le-age-decomp.csv saved

. 
. 
. log close
      name:  <unnamed>
       log:  /Users/samharper/git/arph-2020/code/usa-decomp-sex-race.log
  log type:  text
 closed on:   8 Apr 2020, 10:23:01
--------------------------------------------------------------------------------
